ERROR: identifier has been doubly-declared in same scope: x