ID[program]
ID[int]
ID[X]
ID[Y]
ID[XY]
SEMICOLON
ID[X]
ASSIGN
CONST[0]
SEMICOLON
ID[output]
ID[X]
SEMICOLON
END
ID[what]
IS
ID[this]
ID[doing]
ID[here]

ERROR: ? <- Not Valid Symbol in Language