ID[program]
ID[int]
ID[X]
ID[Y]
ID[XY]
SEMICOLON
ID[input]
ID[X]
SEMICOLON
CASE
ID[x]
ID[of]
CONST[1]
CONST[2]
CONST[3]
CONST[1]
CONST[4]
CONST[5]
CONST[6]
CONST[2]
ELSE
CONST[3]
END
SEMICOLON
ID[output]
ID[X]

ERROR: $ <- Not Valid Symbol in Language