
ERROR: 1000000000 <- Constant outside of valid range