16
8
4
2
1
15
5
3
1
14
7
2
1
13
1
12
6
4
3
2
1
11
1
10
5
2
1
9
3
1
8
4
2
1
7
1
6
3
2
1
5
1
4
2
1
3
1
2
1
1
0
1000000
30
30
31
28
29
30
31
22
23
24
25
12
13
14
15
16
17
