ERROR: Procedure name is a duplicate of another procedure name: A