ERROR: Object has not been declared yet, cannot assign default key value